[abmconsulting.pl/index.html]
[backblue.gif]
[fade.gif]
[index.html]
[abmconsulting.pl/site_media/images/favicon.ico]
[abmconsulting.pl/site_media/js/jquery.cookie.js]
[abmconsulting.pl/site_media/js/mobmenu-script.js]
[abmconsulting.pl/site_media/js/prefixfree.min.js]
[abmconsulting.pl/site_media/external/jquery.bxslider/jquery.bxslider.min.js]
[abmconsulting.pl/site_media/js/main.js]
[abmconsulting.pl/site_media/js/scripts.js]
[abmconsulting.pl/site_media/images/logo.png]
[abmconsulting.pl/pl/zaproszenie-do-wspolpracy/35,10,0.html]
[abmconsulting.pl/pl/zbmoskal-opis-wyksztalcenia-i-doswiadczenia-zawodowego/36,10,0.html]
[abmconsulting.pl/pl/interim-management/1,10,24.html]
[abmconsulting.pl/pl/doradztwo-biznesowe-dla-firm/4,10,7.html]
[abmconsulting.pl/pl/doradztwo-strategiczne-i-operacyjne-dla-przedsiebiorstw-w-fazie-rozwoju/5,10,101.html]
[abmconsulting.pl/pl/doradztwo-strategiczne-i-operacyjne-dla-przedsiebiorstw-w-fazie-ekonomizacji-form-i-metod-dzialalnosci/6,10,102.html]
[abmconsulting.pl/pl/doradztwo-strategiczne-i-operacyjne-dla-przedsiebiorstw-w-fazie-re-pozycjonowania-wyrobow-ilub-uslug/7,10,104.html]
[abmconsulting.pl/pl/coaching/8,10,105.html]
[abmconsulting.pl/pl/coaching-biznesowy/9,10,109.html]
[abmconsulting.pl/pl/coaching-menedzerski/10,10,110.html]
[abmconsulting.pl/pl/coaching-grupowy/11,10,111.html]
[abmconsulting.pl/pl/coaching-sciezki-zawodowej/12,10,112.html]
[abmconsulting.pl/pl/mentoring-biznesowy/13,10,113.html]
[abmconsulting.pl/pl/partnerzy/1,13,107.html]
[abmconsulting.pl/pl/referencje/2,19,05beb.html]
[abmconsulting.pl/pl/doradztwo-biznesowe/21,10,129.html]
[abmconsulting.pl/pl/projekty-spoleczne/24,10,126.html]
[abmconsulting.pl/pl/szkolenia/22,10,128.html]
[abmconsulting.pl/pl/studia-wykonalnosci/23,10,127.html]
[abmconsulting.pl/pl/aktualnosci/1,15,25.html]
[abmconsulting.pl/pl/podziekowanie/39,10,141.html]
[abmconsulting.pl/pl/abm-consuling-sp-z-oo-w-likwidacji/1,24,3.html]
[abmconsulting.pl/site_media/images/slider/big_1.png]
[abmconsulting.pl/site_media/images/slider/big_2.png]
[abmconsulting.pl/site_media/images/slider/big_3.png]
[abmconsulting.pl/pl/podziekowanie/39,10,0.html]
[abmconsulting.pl/pl/bilans-likwidacyjny/40,10,0.html]
[abmconsulting.pl/site_media/images/question-mark.png]
[abmconsulting.pl/site_media/images/bottom-menu.png]
[abmconsulting.pl/pl/aktualnosci/1,15,26.html]
[abmconsulting.pl/pl/abm-consuling-sp-z-oo-w-likwidacji/1,24,4.html]
[abmconsulting.pl/pl/abm-consuling-sp-z-oo-w-likwidacji/1,24,0.html]
[abmconsulting.pl/pl/polityka-prywatnosci-serwisu-abmconsultingpl/27,10,0.html]
[abmconsulting.pl/index.html]
[abmconsulting.pl/site_media/css/basic.css]
[abmconsulting.pl/site_media/images/pattern.png]
[abmconsulting.pl/site_media/images/social.png]
[abmconsulting.pl/site_media/images/next.png]
[abmconsulting.pl/site_media/images/circle-main.png]
[abmconsulting.pl/site_media/images/slider-shadow.png]
[abmconsulting.pl/site_media/images/banner-arrows.png]
[abmconsulting.pl/site_media/images/clock.png]
[abmconsulting.pl/site_media/images/bottom-menu-arrow.png]
[abmconsulting.pl/site_media/images/invalid.png]
[abmconsulting.pl/site_media/images/paginate.png]
[abmconsulting.pl/site_media/images/circle-bottom.png]
[abmconsulting.pl/site_media/css/style.css]
[abmconsulting.pl/site_media/external/jquery.bxslider/images/bx_loader.gif]
[abmconsulting.pl/site_media/external/jquery.bxslider/images/controls.png]
[abmconsulting.pl/site_media/external/jquery.bxslider/jquery.bxslider.css]
[abmconsulting.pl/pl/referencje/2,19,0.html]
[abmconsulting.pl/site_media/images/banner/02.png]
[abmconsulting.pl/pl/doswiadczenie-menedzerskie/28,10,0.html]
[abmconsulting.pl/site_media/images/next-blue.png]
[abmconsulting.pl/pl/wyksztalcenie/29,10,0.html]
[abmconsulting.pl/pl/doswiadczenie-rn/30,10,0.html]
[abmconsulting.pl/pl/doradztwo-biznesowe-2/31,10,0.html]
[abmconsulting.pl/pl/zaproszenie-do-wspolpracy/35,10,0.html]
[abmconsulting.pl/pl/zbmoskal-opis-wyksztalcenia-i-doswiadczenia-zawodowego/36,10,0.html]
[abmconsulting.pl/pl/interim-management/1,10,0.html]
[abmconsulting.pl/pl/interim-management/1,10,24.html]
[abmconsulting.pl/pl/doradztwo-biznesowe-dla-firm/4,10,0.html]
[abmconsulting.pl/pl/doradztwo-strategiczne-i-operacyjne-dla-przedsiebiorstw-w-fazie-rozwoju/5,10,07d75.html]
[abmconsulting.pl/pl/doradztwo-strategiczne-i-operacyjne-dla-przedsiebiorstw-w-fazie-ekonomizacji-form-i-metod-dzialalnosci/6,10,07d75.html]
[abmconsulting.pl/pl/doradztwo-strategiczne-i-operacyjne-dla-przedsiebiorstw-w-fazie-re-pozycjonowania-wyrobow-ilub-uslug/7,10,04fd3.html]
[abmconsulting.pl/pl/doradztwo-strategiczne-i-operacyjne-dla-przedsiebiorstw-w-fazie-rozwoju/5,10,0.html]
[abmconsulting.pl/pl/doradztwo-strategiczne-i-operacyjne-dla-przedsiebiorstw-w-fazie-ekonomizacji-form-i-metod-dzialalnosci/6,10,0.html]
[abmconsulting.pl/pl/doradztwo-strategiczne-i-operacyjne-dla-przedsiebiorstw-w-fazie-re-pozycjonowania-wyrobow-ilub-uslug/7,10,0.html]
[abmconsulting.pl/pl/doradztwo-biznesowe-dla-firm/4,10,7.html]
[abmconsulting.pl/pl/doradztwo-strategiczne-i-operacyjne-dla-przedsiebiorstw-w-fazie-rozwoju/5,10,101.html]
[abmconsulting.pl/pl/doradztwo-strategiczne-i-operacyjne-dla-przedsiebiorstw-w-fazie-ekonomizacji-form-i-metod-dzialalnosci/6,10,102.html]
[abmconsulting.pl/pl/doradztwo-strategiczne-i-operacyjne-dla-przedsiebiorstw-w-fazie-re-pozycjonowania-wyrobow-ilub-uslug/7,10,104.html]
[abmconsulting.pl/pl/coaching/8,10,0.html]
[abmconsulting.pl/pl/coaching-biznesowy/9,10,0ad3c.html]
[abmconsulting.pl/pl/coaching-menedzerski/10,10,0ad3c.html]
[abmconsulting.pl/pl/coaching-grupowy/11,10,0fdd0.html]
[abmconsulting.pl/pl/coaching-sciezki-zawodowej/12,10,0fdd0.html]
[abmconsulting.pl/pl/coaching-biznesowy/9,10,0.html]
[abmconsulting.pl/pl/coaching-menedzerski/10,10,0.html]
[abmconsulting.pl/pl/coaching-grupowy/11,10,0.html]
[abmconsulting.pl/pl/coaching-sciezki-zawodowej/12,10,0.html]
[abmconsulting.pl/pl/coaching/8,10,105.html]
[abmconsulting.pl/pl/coaching-biznesowy/9,10,109.html]
[abmconsulting.pl/pl/coaching-menedzerski/10,10,110.html]
[abmconsulting.pl/pl/coaching-grupowy/11,10,111.html]
[abmconsulting.pl/pl/coaching-sciezki-zawodowej/12,10,112.html]
[abmconsulting.pl/pl/mentoring-biznesowy/13,10,0.html]
[abmconsulting.pl/pl/mentoring-biznesowy/13,10,113.html]
[abmconsulting.pl/pl/partnerzy/1,13,0.html]
[abmconsulting.pl/site_media/images/banner/01.png]
[abmconsulting.pl/site_media/user-media/uploads/partnerzy/promoship.jpg]
[abmconsulting.pl/site_media/user-media/uploads/partnerzy/promoship_small.jpg]
[abmconsulting.pl/pl/partnerzy/1,13,107.html]
[abmconsulting.pl/site_media/external/colorbox/jquery.colorbox-min.js]
[abmconsulting.pl/site_media/images/banner/03.png]
[abmconsulting.pl/site_media/user-media/uploads/referencje/ref_petrol_1.jpg]
[abmconsulting.pl/site_media/user-media/uploads/referencje/ref_petrol_1_gallery_item.jpg]
[abmconsulting.pl/site_media/user-media/uploads/referencje/ref_rig_2.jpg]
[abmconsulting.pl/site_media/user-media/uploads/referencje/ref_rig_2_gallery_item.jpg]
[abmconsulting.pl/site_media/user-media/uploads/referencje/ref_lcc_3.jpg]
[abmconsulting.pl/site_media/user-media/uploads/referencje/ref_lcc_3_gallery_item.jpg]
[abmconsulting.pl/site_media/user-media/uploads/referencje/ref_lognet_domos_4.jpg]
[abmconsulting.pl/site_media/user-media/uploads/referencje/ref_lognet_domos_4_gallery_item.jpg]
[abmconsulting.pl/site_media/user-media/uploads/referencje/ref_csb_6.jpg]
[abmconsulting.pl/site_media/user-media/uploads/referencje/ref_csb_6_gallery_item.jpg]
[abmconsulting.pl/site_media/user-media/uploads/referencje/lsb_7.jpg]
[abmconsulting.pl/site_media/user-media/uploads/referencje/lsb_7_gallery_item.jpg]
[abmconsulting.pl/site_media/user-media/uploads/referencje/villa_8.jpg]
[abmconsulting.pl/site_media/user-media/uploads/referencje/villa_8_gallery_item.jpg]
[abmconsulting.pl/site_media/user-media/uploads/referencje/rupes_9.jpg]
[abmconsulting.pl/site_media/user-media/uploads/referencje/rupes_9_gallery_item.jpg]
[abmconsulting.pl/site_media/user-media/uploads/referencje/inwest_10.jpg]
[abmconsulting.pl/site_media/user-media/uploads/referencje/inwest_10_gallery_item.jpg]
[abmconsulting.pl/site_media/user-media/uploads/referencje/forest_11.jpg]
[abmconsulting.pl/site_media/user-media/uploads/referencje/forest_11_gallery_item.jpg]
[abmconsulting.pl/site_media/user-media/uploads/referencje/lognet_12.jpg]
[abmconsulting.pl/site_media/user-media/uploads/referencje/lognet_12_gallery_item.jpg]
[abmconsulting.pl/site_media/user-media/uploads/referencje/interbud_13.jpg]
[abmconsulting.pl/site_media/user-media/uploads/referencje/interbud_13_gallery_item.jpg]
[abmconsulting.pl/site_media/user-media/uploads/referencje/akademia_14.jpg]
[abmconsulting.pl/site_media/user-media/uploads/referencje/akademia_14_gallery_item.jpg]
[abmconsulting.pl/site_media/user-media/uploads/referencje/akademia_15.jpg]
[abmconsulting.pl/site_media/user-media/uploads/referencje/akademia_15_gallery_item.jpg]
[abmconsulting.pl/site_media/user-media/uploads/referencje/komandor_16.jpg]
[abmconsulting.pl/site_media/user-media/uploads/referencje/komandor_16_gallery_item.jpg]
[abmconsulting.pl/site_media/user-media/uploads/referencje/mpk_17.jpg]
[abmconsulting.pl/site_media/user-media/uploads/referencje/mpk_17_gallery_item.jpg]
[abmconsulting.pl/site_media/user-media/uploads/referencje/sakura_19.jpg]
[abmconsulting.pl/site_media/user-media/uploads/referencje/sakura_19_gallery_item.jpg]
[abmconsulting.pl/site_media/user-media/uploads/referencje/idea_20.jpg]
[abmconsulting.pl/site_media/user-media/uploads/referencje/idea_20_gallery_item.jpg]
[abmconsulting.pl/site_media/user-media/uploads/referencje/pulawy_21.jpg]
[abmconsulting.pl/site_media/user-media/uploads/referencje/pulawy_21_gallery_item.jpg]
[abmconsulting.pl/site_media/user-media/uploads/referencje/lognet_5_a.jpg]
[abmconsulting.pl/site_media/user-media/uploads/referencje/lognet_5_a_gallery_item.jpg]
[abmconsulting.pl/site_media/user-media/uploads/referencje/wsia_18_a.jpg]
[abmconsulting.pl/site_media/user-media/uploads/referencje/wsia_18_a_gallery_item.jpg]
[abmconsulting.pl/pl/referencje/2,19,05beb.html]
[abmconsulting.pl/pl/doradztwo-biznesowe/21,10,0.html]
[abmconsulting.pl/pl/szkolenia/22,10,0.html]
[abmconsulting.pl/pl/studia-wykonalnosci/23,10,0.html]
[abmconsulting.pl/pl/projekty-spoleczne/24,10,0.html]
[abmconsulting.pl/pl/doradztwo-biznesowe/21,10,129.html]
[abmconsulting.pl/pl/projekty-spoleczne/24,10,126.html]
[abmconsulting.pl/pl/szkolenia/22,10,128.html]
[abmconsulting.pl/pl/studia-wykonalnosci/23,10,127.html]
[abmconsulting.pl/pl/aktualnosci/1,15,0.html]
[abmconsulting.pl/pl/aktualnosci/1,15,25.html]
[abmconsulting.pl/pl/podziekowanie/39,10,141.html]
[abmconsulting.pl/pl/abm-consuling-sp-z-oo-w-likwidacji/1,24,3.html]
[abmconsulting.pl/pl/podziekowanie/39,10,0.html]
[abmconsulting.pl/site_media/user-media/uploads/bilans_likwidacyjny/bilans_likwidacyjny_1.jpg]
[abmconsulting.pl/site_media/user-media/uploads/bilans_likwidacyjny/zatwierdzenie_bilans_likiwd.jpg]
[abmconsulting.pl/site_media/user-media/uploads/bilans_likwidacyjny/rzis_do_bilznsu_likwidacyjnego.jpg]
[abmconsulting.pl/pl/bilans-likwidacyjny/40,10,0.html]
[abmconsulting.pl/pl/aktualnosci/1,15,26.html]
[abmconsulting.pl/pl/abm-consuling-sp-z-oo-w-likwidacji/1,24,4.html]
[abmconsulting.pl/pl/abm-consuling-sp-z-oo-w-likwidacji/1,24,0.html]
[abmconsulting.pl/pl/polityka-prywatnosci-serwisu-abmconsultingpl/27,10,0.html]
[abmconsulting.pl/pl/referencje/2,19,0.html]
[abmconsulting.pl/pl/szkolenia/32,10,0.html]
[abmconsulting.pl/pl/doswiadczenie-menedzerskie/28,10,0.html]
[abmconsulting.pl/pl/wyksztalcenie/29,10,0.html]
[abmconsulting.pl/pl/doswiadczenie-rn/30,10,0.html]
[abmconsulting.pl/pl/doradztwo-biznesowe-2/31,10,0.html]
[abmconsulting.pl/pl/interim-management/1,10,0.html]
[abmconsulting.pl/pl/doradztwo-biznesowe-dla-firm/4,10,0.html]
[abmconsulting.pl/pl/doradztwo-strategiczne-i-operacyjne-dla-przedsiebiorstw-w-fazie-rozwoju/5,10,07d75.html]
[abmconsulting.pl/pl/doradztwo-strategiczne-i-operacyjne-dla-przedsiebiorstw-w-fazie-ekonomizacji-form-i-metod-dzialalnosci/6,10,07d75.html]
[abmconsulting.pl/pl/doradztwo-strategiczne-i-operacyjne-dla-przedsiebiorstw-w-fazie-re-pozycjonowania-wyrobow-ilub-uslug/7,10,04fd3.html]
[abmconsulting.pl/pl/doradztwo-strategiczne-i-operacyjne-dla-przedsiebiorstw-w-fazie-rozwoju/5,10,0.html]
[abmconsulting.pl/pl/doradztwo-strategiczne-i-operacyjne-dla-przedsiebiorstw-w-fazie-ekonomizacji-form-i-metod-dzialalnosci/6,10,0.html]
[abmconsulting.pl/pl/doradztwo-strategiczne-i-operacyjne-dla-przedsiebiorstw-w-fazie-re-pozycjonowania-wyrobow-ilub-uslug/7,10,0.html]
[abmconsulting.pl/pl/coaching/8,10,0.html]
[abmconsulting.pl/pl/coaching-biznesowy/9,10,0ad3c.html]
[abmconsulting.pl/pl/coaching-menedzerski/10,10,0ad3c.html]
[abmconsulting.pl/pl/coaching-grupowy/11,10,0fdd0.html]
[abmconsulting.pl/pl/coaching-sciezki-zawodowej/12,10,0fdd0.html]
[abmconsulting.pl/pl/coaching-biznesowy/9,10,0.html]
[abmconsulting.pl/pl/coaching-menedzerski/10,10,0.html]
[abmconsulting.pl/pl/coaching-grupowy/11,10,0.html]
[abmconsulting.pl/pl/coaching-sciezki-zawodowej/12,10,0.html]
[abmconsulting.pl/pl/mentoring-biznesowy/13,10,0.html]
[abmconsulting.pl/pl/partnerzy/1,13,0.html]
[abmconsulting.pl/site_media/external/colorbox/images/controls.png]
[abmconsulting.pl/site_media/external/colorbox/images/loading.gif]
[abmconsulting.pl/site_media/external/colorbox/colorbox.css]
[abmconsulting.pl/pl/doradztwo-biznesowe/21,10,0.html]
[abmconsulting.pl/pl/szkolenia/22,10,0.html]
[abmconsulting.pl/pl/studia-wykonalnosci/23,10,0.html]
[abmconsulting.pl/pl/projekty-spoleczne/24,10,0.html]
[abmconsulting.pl/pl/aktualnosci/1,15,0.html]
[abmconsulting.pl/pl/szkolenia/32,10,0.html]
